********************************************************************************
   General Structure Analysis System-II Crystal Structure Refinement
              by Robert B. Von Dreele & Brian H. Toby
                Argonne National Laboratory(C), 2010
 This product includes software developed by the UChicago Argonne, LLC,
            as Operator of Argonne National Laboratory.
                          Please cite:
   B.H. Toby & R.B. Von Dreele, J. Appl. Cryst. 46, 544-549 (2013)
********************************************************************************
 Least squares controls:
 Refinement type: analytic Hessian
 Maximum number of cycles: 3
 Regularize hydrogens (if any): False
 Initial shift factor: 1.000

 Phases:

 Phase name: Bi2Se3
=======================================================================================================================================

 X-ray scattering factors:
   Symbol     fa                                      fb                                      fc
---------------------------------------------------------------------------------------------------
 Bi+3      21.80530  19.50260  19.10530   7.10295   1.23560   6.24149   0.47000  20.31850  12.47110
 Se        17.00060   5.81960   3.97310   4.35430   2.40980   0.27260  15.23720  43.81630   2.84090

 Neutron scattering factors:
   Symbol   isotope       mass       b       resonant terms
---------------------------------------------------------------------------------------------------
 Bi+3    Nat. Abund.    208.980    0.853
 Se      Nat. Abund.     78.960    0.797

 Space Group: R -3 m h
 The lattice is centrosymmetric R-centered trigonal
 The Laue symmetry is 3m1
 The lattice point group is -3m
 Multiplicity of a general site is 36
 The inversion center is located at 0,0,0
 
 The equivalent positions are:

 (0,0,0; 2/3,1/3,1/3; 1/3,2/3,2/3)+

 ( 1)     X,     Y,     Z 
 ( 2)    -Y,   X-Y,     Z 
 ( 3)   Y-X,    -X,     Z 
 ( 4)   Y-X,     Y,     Z 
 ( 5)    -Y,    -X,     Z 
 ( 6)     X,   X-Y,     Z 

 Atoms:
   name    type  refine?   x         y         z      frac site sym  mult I/A   Uiso     U11     U22     U33     U12     U13     U23
---------------------------------------------------------------------------------------------------------------------------------------
    Bi1   Bi+3          0.00000   0.00000   0.40060   1.0003m(100)    6    A         0.00500 0.00500 0.00109 0.00250 0.00000 0.00000
    Se1     Se          0.00000   0.00000   0.00000   1.000-3m(100)    3    A         0.03600 0.03600 0.00100 0.01800 0.00000 0.00000
    Se2     Se          0.00000   0.00000   0.21090   1.0003m(100)    6    A         0.01600 0.01600 0.00110 0.00800 0.00000 0.00000

 Unit cell: a = 4.13550 b = 4.13550 c = 28.61500 alpha = 90.000 beta = 90.000 gamma = 120.000 volume = 423.819 Refine? False

 Spherical harmonics texture: Order:0

 Phase name: Bi
=======================================================================================================================================

 X-ray scattering factors:
   Symbol     fa                                      fb                                      fc
---------------------------------------------------------------------------------------------------
 Bi        33.36890  12.95100  16.58770   6.46920   0.70400   2.92380   8.79370  48.00930  13.57820

 Neutron scattering factors:
   Symbol   isotope       mass       b       resonant terms
---------------------------------------------------------------------------------------------------
 Bi      Nat. Abund.    208.980    0.853

 Space Group: R -3 m h
 The lattice is centrosymmetric R-centered trigonal
 The Laue symmetry is 3m1
 The lattice point group is -3m
 Multiplicity of a general site is 36
 The inversion center is located at 0,0,0
 
 The equivalent positions are:

 (0,0,0; 2/3,1/3,1/3; 1/3,2/3,2/3)+

 ( 1)     X,     Y,     Z 
 ( 2)    -Y,   X-Y,     Z 
 ( 3)   Y-X,    -X,     Z 
 ( 4)   Y-X,     Y,     Z 
 ( 5)    -Y,    -X,     Z 
 ( 6)     X,   X-Y,     Z 

 Atoms:
   name    type  refine?   x         y         z      frac site sym  mult I/A   Uiso     U11     U22     U33     U12     U13     U23
---------------------------------------------------------------------------------------------------------------------------------------
    Bi1     Bi          0.00000   0.00000   0.23389   1.0003m(100)    6    I 0.01411                                                

 Unit cell: a = 4.54600 b = 4.54600 c = 11.86200 alpha = 90.000 beta = 90.000 gamma = 120.000 volume = 212.299 Refine? False

 Spherical harmonics texture: Order:0

 Phase: Bi2Se3 in histogram: PWDR Bi2Se3_electrodeScraped.xrdml Scan 1
=======================================================================================================================================
 Phase fraction  :          1 Refine? True
 Extinction coeff:     0.0000 Refine? False
 March-Dollase PO:     1.0000 Refine? False Axis: 0 0 1

 Size model    : isotropic equatorial:       1.000 Refine? False
	 LG mixing coeff.:       1.0000 Refine? False

 Mustrain model: isotropic equatorial:      1000.0 Refine? False
	 LG mixing coeff.:      1.0000 Refine? False

 Hydrostatic/elastic strain:
 names :         D11         D33
 values:           0           0
 refine:       False       False

 Phase: Bi in histogram: PWDR Bi2Se3_electrodeScraped.xrdml Scan 1
=======================================================================================================================================
 Phase fraction  :          1 Refine? True
 Extinction coeff:     0.0000 Refine? False
 March-Dollase PO:     1.0000 Refine? False Axis: 0 0 1

 Size model    : isotropic equatorial:       1.000 Refine? False
	 LG mixing coeff.:       1.0000 Refine? False

 Mustrain model: isotropic equatorial:      1000.0 Refine? False
	 LG mixing coeff.:      1.0000 Refine? False

 Hydrostatic/elastic strain:
 names :         D11         D33
 values:           0           0
 refine:       False       False

 Histogram: PWDR Bi2Se3_electrodeScraped.xrdml Scan 1 histogram Id: 0
=======================================================================================================================================
 Instrument type: Bragg-Brentano
 Histogram limits:    10.01 deg to    99.99 deg

 Sample Parameters:
 Goniometer omega = 0.00, chi = 0.00, phi = 0.00
 name  :         Scale         Shift  Transparency    SurfRoughA    SurfRoughB
 value :        1.0000        0.0000        0.0000        0.0000        0.0000
 refine:          True         False         False         False         False

 Instrument Parameters:
 name  :     Azimuth        Bank I(L2)/I(L1)        Lam1        Lam2    Polariz.        SH/L           U
 value :    0.000000    1.000000    0.500000    1.540500    1.544300    0.700000    0.002000    2.000000
 refine:                   False       False                               False       False       False

 name  :           V           W           X           Y           Z        Zero
 value :   -2.000000    5.000000    0.000000    0.000000    0.000000    0.000000
 refine:       False       False       False       False       False       False

 Background function: chebyschev-1 Refine? False
 Coefficients:   2007.377  -990.235   504.581    -8.803  -290.527   373.236  -249.897    37.302   154.908  -225.329   175.003
                  -58.531   -22.710    80.537   -84.648    55.690    -9.729   -39.442    64.157   -64.679    46.308
                   -3.775   -24.087    54.769   -48.340    18.523    21.337   -46.077    53.077   -36.465    24.086
                    6.980
 Fixed background file: ; mult: 1.000  Refine? False

 Refinement results:
---------------------------------------------------------------------------------------------------------------------------------------
 Number of function calls: 5 No. of observations: 8282 No. of parameters: 2 User rejected: 0 Sp. gp. extinct: 0
 Refinement time =    1.636s,    0.818s/cycle, for 2 cycles
 wR =   30.94%, chi**2 =   1.8585e+06, GOF =  14.98
----------------------------------------------------------------------------------------------------------------------------------
Parameters generated by constraints

 name  :      ::constr0
 value :       -0.42695
 sig   :        0.04884

 Phases:
 Result for phase: Bi2Se3
=======================================================================================================================================

 Atoms:
   name      x         y         z      frac   Uiso     U11     U22     U33     U12     U13     U23
---------------------------------------------------------------------------------------------------------------------------------------
    Bi1   Bi+3:
 values:   0.00000   0.00000   0.40060   1.000         0.00500 0.00500 0.00109 0.00250 0.00000 0.00000
 sig   :                                                                                              
    Se1     Se:
 values:   0.00000   0.00000   0.00000   1.000         0.03600 0.03600 0.00100 0.01800 0.00000 0.00000
 sig   :                                                                                              
    Se2     Se:
 values:   0.00000   0.00000   0.21090   1.000         0.01600 0.01600 0.00110 0.00800 0.00000 0.00000
 sig   :                                                                                              

 Density: 10.4814 g/cm**3
 Result for phase: Bi
=======================================================================================================================================

 Atoms:
   name      x         y         z      frac   Uiso     U11     U22     U33     U12     U13     U23
---------------------------------------------------------------------------------------------------------------------------------------
    Bi1     Bi:
 values:   0.00000   0.00000   0.23389   1.000 0.01411
 sig   :                                              

 Density: 9.8075 g/cm**3

 Phase: Bi2Se3 in histogram: PWDR Bi2Se3_electrodeScraped.xrdml Scan 1
=======================================================================================================================================
 Final refinement RF, RF^2 = 74.64%, 99.15% on 78 reflections
 Durbin-Watson statistic = 0.013
 Bragg intensity sum = 2.63e+05
 Phase fraction  :     0.8019, sig   0.034534 Weight fraction  :  0.86380, sig    0.03720

 Phase: Bi in histogram: PWDR Bi2Se3_electrodeScraped.xrdml Scan 1
=======================================================================================================================================
 Final refinement RF, RF^2 = 73.14%, 93.45% on 38 reflections
 Durbin-Watson statistic = 0.013
 Bragg intensity sum = 4.82e+04
 Phase fraction  :     0.1981, sig   0.034534 Weight fraction  :  0.13620, sig    0.02374

 Histogram: PWDR Bi2Se3_electrodeScraped.xrdml Scan 1 histogram Id: 0
=======================================================================================================================================
 PWDR histogram weight factor = 1.000
 Final refinement wR = 30.94% on 8282 observations in this histogram
 Other residuals: R = 19.68%, R-bkg = 48.17%, wR-bkg = 30.94% wRmin = 2.07%
 Instrument type: Bragg-Brentano

 Resonant form factors:(ref: D.T. Cromer & D.A. Liberman (1981), Acta Cryst. A37, 267-268.)
 Element:     Bi+3       Se       Bi
 f'     :   -4.013   -0.797   -4.013
 f"     :    8.926    1.137    8.926

 Sample Parameters:
 names :         Scale         Shift  Transparency    SurfRoughA    SurfRoughB
 values:        1.1629        0.0000        0.0000        0.0000        0.0000
 sig   :        0.0677                                                        
 Background sums: empirical 1.54e+07, Debye 0, peaks 0, Total 1.54e+07
