********************************************************************************
   General Structure Analysis System-II Crystal Structure Refinement
              by Robert B. Von Dreele & Brian H. Toby
                Argonne National Laboratory(C), 2010
 This product includes software developed by the UChicago Argonne, LLC,
            as Operator of Argonne National Laboratory.
                          Please cite:
   B.H. Toby & R.B. Von Dreele, J. Appl. Cryst. 46, 544-549 (2013)
********************************************************************************
 Least squares controls:
 Refinement type: analytic Hessian
 Maximum number of cycles: 3
 Regularize hydrogens (if any): False
 Initial shift factor: 1.000

 Phases:

 Phase name: Bi
=======================================================================================================================================

 X-ray scattering factors:
   Symbol     fa                                      fb                                      fc
---------------------------------------------------------------------------------------------------
 Bi        33.36890  12.95100  16.58770   6.46920   0.70400   2.92380   8.79370  48.00930  13.57820

 Neutron scattering factors:
   Symbol   isotope       mass       b       resonant terms
---------------------------------------------------------------------------------------------------
 Bi      Nat. Abund.    208.980    0.853

 Space Group: R -3 m h
 The lattice is centrosymmetric R-centered trigonal
 The Laue symmetry is 3m1
 The lattice point group is -3m
 Multiplicity of a general site is 36
 The inversion center is located at 0,0,0
 
 The equivalent positions are:

 (0,0,0; 2/3,1/3,1/3; 1/3,2/3,2/3)+

 ( 1)     X,     Y,     Z 
 ( 2)    -Y,   X-Y,     Z 
 ( 3)   Y-X,    -X,     Z 
 ( 4)   Y-X,     Y,     Z 
 ( 5)    -Y,    -X,     Z 
 ( 6)     X,   X-Y,     Z 

 Atoms:
   name    type  refine?   x         y         z      frac site sym  mult I/A   Uiso     U11     U22     U33     U12     U13     U23
---------------------------------------------------------------------------------------------------------------------------------------
    Bi1     Bi          0.00000   0.00000   0.23389   1.0003m(100)    6    I 0.01411                                                

 Unit cell: a = 4.54605 b = 4.54605 c = 11.86167 alpha = 90.000 beta = 90.000 gamma = 120.000 volume = 212.297 Refine? True

 Spherical harmonics texture: Order:0

 Phase name: LiBi
=======================================================================================================================================

 X-ray scattering factors:
   Symbol     fa                                      fb                                      fc
---------------------------------------------------------------------------------------------------
 Bi        33.36890  12.95100  16.58770   6.46920   0.70400   2.92380   8.79370  48.00930  13.57820
 Li         1.12820   0.75080   0.61750   0.46530   3.95460   1.05240  85.39050 168.26100   0.03770

 Neutron scattering factors:
   Symbol   isotope       mass       b       resonant terms
---------------------------------------------------------------------------------------------------
 Bi      Nat. Abund.    208.980    0.853
 Li      Nat. Abund.      6.941   -0.190

 Space Group: P 4/m m m
 The lattice is centrosymmetric primitive tetragonal
 The Laue symmetry is 4/mmm
 The lattice point group is 4/mmm
 Multiplicity of a general site is 16
 The inversion center is located at 0,0,0
 
 The equivalent positions are:

 ( 1)     X,     Y,     Z 
 ( 2)    -Y,     X,     Z 
 ( 3)    -X,    -Y,     Z 
 ( 4)     Y,    -X,     Z 
 ( 5)    -X,     Y,     Z 
 ( 6)    -Y,    -X,     Z 
 ( 7)     X,    -Y,     Z 
 ( 8)     Y,     X,     Z 

 Atoms:
   name    type  refine?   x         y         z      frac site sym  mult I/A   Uiso     U11     U22     U33     U12     U13     U23
---------------------------------------------------------------------------------------------------------------------------------------
    Bi1     Bi          0.00000   0.00000   0.00000   1.0004/mmm(z)    1    I 0.01000                                                
    Li1     Li          0.50000   0.50000   0.50000   1.0004/mmm(z)    1    I 0.01000                                                

 Unit cell: a = 3.36767 b = 3.36767 c = 4.25559 alpha = 90.000 beta = 90.000 gamma = 90.000 volume = 48.264 Refine? True

 Spherical harmonics texture: Order:0

 Phase name: Li2Te
=======================================================================================================================================

 X-ray scattering factors:
   Symbol     fa                                      fb                                      fc
---------------------------------------------------------------------------------------------------
 Te        19.96440  19.01380   6.14487   2.52390   4.81742   0.42089  28.52840  70.84030   4.35200
 Li+1       0.69680   0.78880   0.34140   0.15630   4.62370   1.95570   0.63160  10.09530   0.01670

 Neutron scattering factors:
   Symbol   isotope       mass       b       resonant terms
---------------------------------------------------------------------------------------------------
 Te      Nat. Abund.    127.600    0.568
 Li+1    Nat. Abund.      6.941   -0.190

 Space Group: F m -3 m
 The lattice is centrosymmetric F-centered cubic
 The Laue symmetry is m3m
 The lattice point group is m3m
 Multiplicity of a general site is 192
 The inversion center is located at 0,0,0
 
 The equivalent positions are:

 (0,0,0; 0,1/2,1/2; 1/2,0,1/2; 1/2,1/2,0)+

 ( 1)     X,     Y,     Z 
 ( 2)     Z,     X,     Y 
 ( 3)     Y,     Z,     X 
 ( 4)     X,     Y,    -Z 
 ( 5)    -Z,     X,     Y 
 ( 6)     Y,    -Z,     X 
 ( 7)    -Z,     X,    -Y 
 ( 8)    -Y,    -Z,     X 
 ( 9)     Y,    -Z,    -X 
 (10)    -X,     Y,    -Z 
 (11)    -Z,    -X,     Y 
 (12)     X,    -Y,    -Z 
 (13)     Y,     X,     Z 
 (14)     Z,     Y,     X 
 (15)     X,     Z,     Y 
 (16)     Y,     X,    -Z 
 (17)    -Z,     Y,     X 
 (18)     X,    -Z,     Y 
 (19)    -Z,     Y,    -X 
 (20)    -X,    -Z,     Y 
 (21)     X,    -Z,    -Y 
 (22)    -Y,     X,    -Z 
 (23)    -Z,    -Y,     X 
 (24)     Y,    -X,    -Z 

 Atoms:
   name    type  refine?   x         y         z      frac site sym  mult I/A   Uiso     U11     U22     U33     U12     U13     U23
---------------------------------------------------------------------------------------------------------------------------------------
    Te1     Te          0.00000   0.00000   0.00000   1.000    m3m    4    I 0.01000                                                
    Li1   Li+1          0.25000   0.25000   0.25000   1.000   -43m    8    I 0.01000                                                

 Unit cell: a = 6.51762 b = 6.51762 c = 6.51762 alpha = 90.000 beta = 90.000 gamma = 90.000 volume = 276.864 Refine? True

 Spherical harmonics texture: Order:0

 Phase: Bi in histogram: PWDR EBTL31.fxye Bank 1
=======================================================================================================================================
 Phase fraction  :          1 Refine? True
 Extinction coeff:     0.0000 Refine? False
 March-Dollase PO:     1.0000 Refine? False Axis: 0 0 1

 Size model    : isotropic equatorial:       1.000 Refine? False
	 LG mixing coeff.:       1.0000 Refine? False

 Mustrain model: isotropic equatorial:      1000.0 Refine? False
	 LG mixing coeff.:      1.0000 Refine? False

 Hydrostatic/elastic strain:
 names :         D11         D33
 values:           0           0
 refine:       False       False

 Phase: LiBi in histogram: PWDR EBTL31.fxye Bank 1
=======================================================================================================================================
 Phase fraction  :          1 Refine? True
 Extinction coeff:     0.0000 Refine? False
 March-Dollase PO:     1.0000 Refine? False Axis: 0 0 1

 Size model    : isotropic equatorial:       1.000 Refine? False
	 LG mixing coeff.:       1.0000 Refine? False

 Mustrain model: isotropic equatorial:      1000.0 Refine? False
	 LG mixing coeff.:      1.0000 Refine? False

 Hydrostatic/elastic strain:
 names :         D11         D33
 values:           0           0
 refine:       False       False

 Phase: Li2Te in histogram: PWDR EBTL31.fxye Bank 1
=======================================================================================================================================
 Phase fraction  :          1 Refine? True
 Extinction coeff:     0.0000 Refine? False
 March-Dollase PO:     1.0000 Refine? False Axis: 0 0 1

 Size model    : isotropic equatorial:       1.000 Refine? False
	 LG mixing coeff.:       1.0000 Refine? False

 Mustrain model: isotropic equatorial:      1000.0 Refine? False
	 LG mixing coeff.:      1.0000 Refine? False

 Hydrostatic/elastic strain:
 names :         D11          eA
 values:           0           0
 refine:       False       False

 Histogram: PWDR EBTL31.fxye Bank 1 histogram Id: 0
=======================================================================================================================================
 Instrument type: Bragg-Brentano
 Histogram limits:    16.50 deg to    79.99 deg

 Sample Parameters:
 Goniometer omega = 0.00, chi = 0.00, phi = 0.00
 name  :         Scale         Shift  Transparency    SurfRoughA    SurfRoughB
 value :        2.1486        0.0000        0.0000        0.0000        0.0000
 refine:          True         False         False         False         False

 Instrument Parameters:
 name  :     Azimuth        Bank I(L2)/I(L1)        Lam1        Lam2    Polariz.        SH/L           U
 value :    0.000000    1.000000    0.500000    1.540500    1.544300    0.700000    0.002000    2.000000
 refine:                   False       False                               False       False       False

 name  :           V           W           X           Y           Z        Zero
 value :   -2.000000    5.000000    0.000000    0.000000    0.000000    0.000000
 refine:       False       False       False       False       False       False

 Background function: chebyschev-1 Refine? False
 Coefficients:   2672.198 -3094.935  1635.941  -612.141  -117.372   416.522  -516.456   419.000  -195.979    -7.035   109.991
                 -124.692   133.510  -105.443    48.489    -6.462   -24.110    63.478   -87.715    74.275   -33.440
                   14.929
 Fixed background file: ; mult: 1.000  Refine? False

 Refinement results:
---------------------------------------------------------------------------------------------------------------------------------------
 Number of function calls: 6 No. of observations: 2418 No. of parameters: 8 User rejected: 0 Sp. gp. extinct: 0
 Refinement time =    0.547s,    0.273s/cycle, for 2 cycles
 wR =   24.43%, chi**2 =       381328, GOF =  12.58
 Number of function calls: 1 No. of observations: 2418 No. of parameters: 8 User rejected: 0 Sp. gp. extinct: 0
 Refinement time =    0.229s,    0.229s/cycle, for 1 cycles
 wR =   24.43%, chi**2 =       381324, GOF =  12.58
 Number of function calls: 1 No. of observations: 2418 No. of parameters: 8 User rejected: 0 Sp. gp. extinct: 0
 Refinement time =    0.228s,    0.228s/cycle, for 1 cycles
 wR =   24.43%, chi**2 =       381324, GOF =  12.58
 Number of function calls: 1 No. of observations: 2418 No. of parameters: 8 User rejected: 0 Sp. gp. extinct: 0
 Refinement time =    0.222s,    0.222s/cycle, for 1 cycles
 wR =   24.43%, chi**2 =       381324, GOF =  12.58
 Number of function calls: 1 No. of observations: 2418 No. of parameters: 8 User rejected: 0 Sp. gp. extinct: 0
 Refinement time =    0.223s,    0.223s/cycle, for 1 cycles
 wR =   24.43%, chi**2 =       381324, GOF =  12.58
 Number of function calls: 1 No. of observations: 2418 No. of parameters: 8 User rejected: 0 Sp. gp. extinct: 0
 Refinement time =    0.213s,    0.213s/cycle, for 1 cycles
 wR =   24.43%, chi**2 =       381324, GOF =  12.58
 Number of function calls: 1 No. of observations: 2418 No. of parameters: 8 User rejected: 0 Sp. gp. extinct: 0
 Refinement time =    0.209s,    0.209s/cycle, for 1 cycles
 wR =   24.43%, chi**2 =       381324, GOF =  12.58
 Number of function calls: 1 No. of observations: 2418 No. of parameters: 8 User rejected: 0 Sp. gp. extinct: 0
 Refinement time =    0.217s,    0.217s/cycle, for 1 cycles
 wR =   24.43%, chi**2 =       381324, GOF =  12.58
 Number of function calls: 1 No. of observations: 2418 No. of parameters: 8 User rejected: 0 Sp. gp. extinct: 0
 Refinement time =    0.227s,    0.227s/cycle, for 1 cycles
 wR =   24.43%, chi**2 =       381324, GOF =  12.58
 Number of function calls: 1 No. of observations: 2418 No. of parameters: 8 User rejected: 0 Sp. gp. extinct: 0
 Refinement time =    0.239s,    0.239s/cycle, for 1 cycles
 wR =   24.43%, chi**2 =       381324, GOF =  12.58
 Number of function calls: 1 No. of observations: 2418 No. of parameters: 8 User rejected: 0 Sp. gp. extinct: 0
 Refinement time =    0.226s,    0.226s/cycle, for 1 cycles
 wR =   24.43%, chi**2 =       381324, GOF =  12.58
 Number of function calls: 1 No. of observations: 2418 No. of parameters: 8 User rejected: 0 Sp. gp. extinct: 0
 Refinement time =    0.219s,    0.219s/cycle, for 1 cycles
 wR =   24.43%, chi**2 =       381324, GOF =  12.58
 Number of function calls: 1 No. of observations: 2418 No. of parameters: 8 User rejected: 0 Sp. gp. extinct: 0
 Refinement time =    0.248s,    0.248s/cycle, for 1 cycles
 wR =   24.43%, chi**2 =       381324, GOF =  12.58
 Number of function calls: 1 No. of observations: 2418 No. of parameters: 8 User rejected: 0 Sp. gp. extinct: 0
 Refinement time =    0.240s,    0.240s/cycle, for 1 cycles
 wR =   24.43%, chi**2 =       381324, GOF =  12.58
 Number of function calls: 1 No. of observations: 2418 No. of parameters: 8 User rejected: 0 Sp. gp. extinct: 0
 Refinement time =    0.223s,    0.223s/cycle, for 1 cycles
 wR =   24.43%, chi**2 =       381324, GOF =  12.58
 Number of function calls: 1 No. of observations: 2418 No. of parameters: 8 User rejected: 0 Sp. gp. extinct: 0
 Refinement time =    0.230s,    0.230s/cycle, for 1 cycles
 wR =   24.43%, chi**2 =       381324, GOF =  12.58
 Number of function calls: 1 No. of observations: 2418 No. of parameters: 8 User rejected: 0 Sp. gp. extinct: 0
 Refinement time =    0.249s,    0.249s/cycle, for 1 cycles
 wR =   24.43%, chi**2 =       381324, GOF =  12.58
 Number of function calls: 1 No. of observations: 2418 No. of parameters: 8 User rejected: 0 Sp. gp. extinct: 0
 Refinement time =    0.210s,    0.210s/cycle, for 1 cycles
 wR =   24.43%, chi**2 =       381324, GOF =  12.58
 Number of function calls: 1 No. of observations: 2418 No. of parameters: 8 User rejected: 0 Sp. gp. extinct: 0
 Refinement time =    0.219s,    0.219s/cycle, for 1 cycles
 wR =   24.43%, chi**2 =       381324, GOF =  12.58
 Number of function calls: 1 No. of observations: 2418 No. of parameters: 8 User rejected: 0 Sp. gp. extinct: 0
 Refinement time =    0.210s,    0.210s/cycle, for 1 cycles
 wR =   24.43%, chi**2 =       381324, GOF =  12.58
 Number of function calls: 1 No. of observations: 2418 No. of parameters: 8 User rejected: 0 Sp. gp. extinct: 0
 Refinement time =    0.229s,    0.229s/cycle, for 1 cycles
 wR =   24.43%, chi**2 =       381324, GOF =  12.58
 Number of function calls: 1 No. of observations: 2418 No. of parameters: 8 User rejected: 0 Sp. gp. extinct: 0
 Refinement time =    0.203s,    0.203s/cycle, for 1 cycles
 wR =   24.43%, chi**2 =       381324, GOF =  12.58
 Number of function calls: 1 No. of observations: 2418 No. of parameters: 8 User rejected: 0 Sp. gp. extinct: 0
 Refinement time =    0.228s,    0.228s/cycle, for 1 cycles
 wR =   24.43%, chi**2 =       381324, GOF =  12.58
 Number of function calls: 1 No. of observations: 2418 No. of parameters: 8 User rejected: 0 Sp. gp. extinct: 0
 Refinement time =    0.222s,    0.222s/cycle, for 1 cycles
 wR =   24.43%, chi**2 =       381324, GOF =  12.58
 Number of function calls: 1 No. of observations: 2418 No. of parameters: 8 User rejected: 0 Sp. gp. extinct: 0
 Refinement time =    0.229s,    0.229s/cycle, for 1 cycles
 wR =   24.43%, chi**2 =       381324, GOF =  12.58
 Number of function calls: 1 No. of observations: 2418 No. of parameters: 8 User rejected: 0 Sp. gp. extinct: 0
 Refinement time =    0.221s,    0.221s/cycle, for 1 cycles
 wR =   24.43%, chi**2 =       381324, GOF =  12.58
 Number of function calls: 1 No. of observations: 2418 No. of parameters: 8 User rejected: 0 Sp. gp. extinct: 0
 Refinement time =    0.221s,    0.221s/cycle, for 1 cycles
 wR =   24.43%, chi**2 =       381324, GOF =  12.58
 Number of function calls: 1 No. of observations: 2418 No. of parameters: 8 User rejected: 0 Sp. gp. extinct: 0
 Refinement time =    0.225s,    0.225s/cycle, for 1 cycles
 wR =   24.43%, chi**2 =       381324, GOF =  12.58
 Number of function calls: 1 No. of observations: 2418 No. of parameters: 8 User rejected: 0 Sp. gp. extinct: 0
 Refinement time =    0.218s,    0.218s/cycle, for 1 cycles
 wR =   24.43%, chi**2 =       381324, GOF =  12.58
 Number of function calls: 1 No. of observations: 2418 No. of parameters: 8 User rejected: 0 Sp. gp. extinct: 0
 Refinement time =    0.218s,    0.218s/cycle, for 1 cycles
 wR =   24.43%, chi**2 =       381324, GOF =  12.58
 Number of function calls: 1 No. of observations: 2418 No. of parameters: 8 User rejected: 0 Sp. gp. extinct: 0
 Refinement time =    0.233s,    0.233s/cycle, for 1 cycles
 wR =   24.43%, chi**2 =       381324, GOF =  12.58
 Number of function calls: 1 No. of observations: 2418 No. of parameters: 8 User rejected: 0 Sp. gp. extinct: 0
 Refinement time =    0.223s,    0.223s/cycle, for 1 cycles
 wR =   24.43%, chi**2 =       381324, GOF =  12.58
 Number of function calls: 1 No. of observations: 2418 No. of parameters: 8 User rejected: 0 Sp. gp. extinct: 0
 Refinement time =    0.218s,    0.218s/cycle, for 1 cycles
 wR =   24.43%, chi**2 =       381324, GOF =  12.58
 Number of function calls: 1 No. of observations: 2418 No. of parameters: 8 User rejected: 0 Sp. gp. extinct: 0
 Refinement time =    0.231s,    0.231s/cycle, for 1 cycles
 wR =   24.43%, chi**2 =       381324, GOF =  12.58
 Number of function calls: 1 No. of observations: 2418 No. of parameters: 8 User rejected: 0 Sp. gp. extinct: 0
 Refinement time =    0.227s,    0.227s/cycle, for 1 cycles
 wR =   24.43%, chi**2 =       381324, GOF =  12.58
 Number of function calls: 1 No. of observations: 2418 No. of parameters: 8 User rejected: 0 Sp. gp. extinct: 0
 Refinement time =    0.232s,    0.232s/cycle, for 1 cycles
 wR =   24.43%, chi**2 =       381324, GOF =  12.58
 Number of function calls: 1 No. of observations: 2418 No. of parameters: 8 User rejected: 0 Sp. gp. extinct: 0
 Refinement time =    0.230s,    0.230s/cycle, for 1 cycles
 wR =   24.43%, chi**2 =       381324, GOF =  12.58
 Number of function calls: 1 No. of observations: 2418 No. of parameters: 8 User rejected: 0 Sp. gp. extinct: 0
 Refinement time =    0.241s,    0.241s/cycle, for 1 cycles
 wR =   24.43%, chi**2 =       381324, GOF =  12.58
 Number of function calls: 1 No. of observations: 2418 No. of parameters: 8 User rejected: 0 Sp. gp. extinct: 0
 Refinement time =    0.211s,    0.211s/cycle, for 1 cycles
 wR =   24.43%, chi**2 =       381324, GOF =  12.58
 Number of function calls: 1 No. of observations: 2418 No. of parameters: 8 User rejected: 0 Sp. gp. extinct: 0
 Refinement time =    0.243s,    0.243s/cycle, for 1 cycles
 wR =   24.43%, chi**2 =       381324, GOF =  12.58
 Number of function calls: 1 No. of observations: 2418 No. of parameters: 8 User rejected: 0 Sp. gp. extinct: 0
 Refinement time =    0.233s,    0.233s/cycle, for 1 cycles
 wR =   24.43%, chi**2 =       381324, GOF =  12.58
 Number of function calls: 1 No. of observations: 2418 No. of parameters: 8 User rejected: 0 Sp. gp. extinct: 0
 Refinement time =    0.233s,    0.233s/cycle, for 1 cycles
 wR =   24.43%, chi**2 =       381324, GOF =  12.58
 Number of function calls: 1 No. of observations: 2418 No. of parameters: 8 User rejected: 0 Sp. gp. extinct: 0
 Refinement time =    0.223s,    0.223s/cycle, for 1 cycles
 wR =   24.43%, chi**2 =       381324, GOF =  12.58
 Number of function calls: 1 No. of observations: 2418 No. of parameters: 8 User rejected: 0 Sp. gp. extinct: 0
 Refinement time =    0.208s,    0.208s/cycle, for 1 cycles
 wR =   24.43%, chi**2 =       381324, GOF =  12.58
 Number of function calls: 1 No. of observations: 2418 No. of parameters: 8 User rejected: 0 Sp. gp. extinct: 0
 Refinement time =    0.223s,    0.223s/cycle, for 1 cycles
 wR =   24.43%, chi**2 =       381324, GOF =  12.58
 Number of function calls: 1 No. of observations: 2418 No. of parameters: 8 User rejected: 0 Sp. gp. extinct: 0
 Refinement time =    0.222s,    0.222s/cycle, for 1 cycles
 wR =   24.43%, chi**2 =       381324, GOF =  12.58
 Number of function calls: 1 No. of observations: 2418 No. of parameters: 8 User rejected: 0 Sp. gp. extinct: 0
 Refinement time =    0.222s,    0.222s/cycle, for 1 cycles
 wR =   24.43%, chi**2 =       381324, GOF =  12.58
 Number of function calls: 1 No. of observations: 2418 No. of parameters: 8 User rejected: 0 Sp. gp. extinct: 0
 Refinement time =    0.222s,    0.222s/cycle, for 1 cycles
 wR =   24.43%, chi**2 =       381324, GOF =  12.58
 Number of function calls: 1 No. of observations: 2418 No. of parameters: 8 User rejected: 0 Sp. gp. extinct: 0
 Refinement time =    0.219s,    0.219s/cycle, for 1 cycles
 wR =   24.43%, chi**2 =       381324, GOF =  12.58
 Number of function calls: 1 No. of observations: 2418 No. of parameters: 8 User rejected: 0 Sp. gp. extinct: 0
 Refinement time =    0.230s,    0.230s/cycle, for 1 cycles
 wR =   24.43%, chi**2 =       381324, GOF =  12.58
 Number of function calls: 1 No. of observations: 2418 No. of parameters: 8 User rejected: 0 Sp. gp. extinct: 0
 Refinement time =    0.216s,    0.216s/cycle, for 1 cycles
 wR =   24.43%, chi**2 =       381324, GOF =  12.58
 Number of function calls: 1 No. of observations: 2418 No. of parameters: 8 User rejected: 0 Sp. gp. extinct: 0
 Refinement time =    0.232s,    0.232s/cycle, for 1 cycles
 wR =   24.43%, chi**2 =       381324, GOF =  12.58
 Number of function calls: 1 No. of observations: 2418 No. of parameters: 8 User rejected: 0 Sp. gp. extinct: 0
 Refinement time =    0.202s,    0.202s/cycle, for 1 cycles
 wR =   24.43%, chi**2 =       381324, GOF =  12.58
 Number of function calls: 1 No. of observations: 2418 No. of parameters: 8 User rejected: 0 Sp. gp. extinct: 0
 Refinement time =    0.220s,    0.220s/cycle, for 1 cycles
 wR =   24.43%, chi**2 =       381324, GOF =  12.58
 Number of function calls: 1 No. of observations: 2418 No. of parameters: 8 User rejected: 0 Sp. gp. extinct: 0
 Refinement time =    0.218s,    0.218s/cycle, for 1 cycles
 wR =   24.43%, chi**2 =       381324, GOF =  12.58
 Number of function calls: 1 No. of observations: 2418 No. of parameters: 8 User rejected: 0 Sp. gp. extinct: 0
 Refinement time =    0.218s,    0.218s/cycle, for 1 cycles
 wR =   24.43%, chi**2 =       381324, GOF =  12.58
 Number of function calls: 1 No. of observations: 2418 No. of parameters: 8 User rejected: 0 Sp. gp. extinct: 0
 Refinement time =    0.218s,    0.218s/cycle, for 1 cycles
 wR =   24.43%, chi**2 =       381324, GOF =  12.58
 Number of function calls: 1 No. of observations: 2418 No. of parameters: 8 User rejected: 0 Sp. gp. extinct: 0
 Refinement time =    0.224s,    0.224s/cycle, for 1 cycles
 wR =   24.43%, chi**2 =       381324, GOF =  12.58
 Number of function calls: 1 No. of observations: 2418 No. of parameters: 8 User rejected: 0 Sp. gp. extinct: 0
 Refinement time =    0.226s,    0.226s/cycle, for 1 cycles
 wR =   24.43%, chi**2 =       381324, GOF =  12.58
 Number of function calls: 1 No. of observations: 2418 No. of parameters: 8 User rejected: 0 Sp. gp. extinct: 0
 Refinement time =    0.224s,    0.224s/cycle, for 1 cycles
 wR =   24.43%, chi**2 =       381324, GOF =  12.58
 Number of function calls: 1 No. of observations: 2418 No. of parameters: 8 User rejected: 0 Sp. gp. extinct: 0
 Refinement time =    0.239s,    0.239s/cycle, for 1 cycles
