********************************************************************************
   General Structure Analysis System-II Crystal Structure Refinement
              by Robert B. Von Dreele & Brian H. Toby
                Argonne National Laboratory(C), 2010
 This product includes software developed by the UChicago Argonne, LLC,
            as Operator of Argonne National Laboratory.
                          Please cite:
   B.H. Toby & R.B. Von Dreele, J. Appl. Cryst. 46, 544-549 (2013)
********************************************************************************
 Least squares controls:
 Refinement type: analytic Hessian
 Maximum number of cycles: 3
 Regularize hydrogens (if any): False
 Initial shift factor: 1.000

 Phases:

 Phase name: Bi
=======================================================================================================================================

 X-ray scattering factors:
   Symbol     fa                                      fb                                      fc
---------------------------------------------------------------------------------------------------
 Bi        33.36890  12.95100  16.58770   6.46920   0.70400   2.92380   8.79370  48.00930  13.57820

 Neutron scattering factors:
   Symbol   isotope       mass       b       resonant terms
---------------------------------------------------------------------------------------------------
 Bi      Nat. Abund.    208.980    0.853

 Space Group: R -3 m h
 The lattice is centrosymmetric R-centered trigonal
 The Laue symmetry is 3m1
 The lattice point group is -3m
 Multiplicity of a general site is 36
 The inversion center is located at 0,0,0
 
 The equivalent positions are:

 (0,0,0; 2/3,1/3,1/3; 1/3,2/3,2/3)+

 ( 1)     X,     Y,     Z 
 ( 2)    -Y,   X-Y,     Z 
 ( 3)   Y-X,    -X,     Z 
 ( 4)   Y-X,     Y,     Z 
 ( 5)    -Y,    -X,     Z 
 ( 6)     X,   X-Y,     Z 

 Atoms:
   name    type  refine?   x         y         z      frac site sym  mult I/A   Uiso     U11     U22     U33     U12     U13     U23
---------------------------------------------------------------------------------------------------------------------------------------
    Bi1     Bi          0.00000   0.00000   0.23389   1.0003m(100)    6    I 0.01411                                                

 Unit cell: a = 4.54600 b = 4.54600 c = 11.86200 alpha = 90.000 beta = 90.000 gamma = 120.000 volume = 212.299 Refine? True

 Spherical harmonics texture: Order:0

 Phase name: LiBi
=======================================================================================================================================

 X-ray scattering factors:
   Symbol     fa                                      fb                                      fc
---------------------------------------------------------------------------------------------------
 Bi        33.36890  12.95100  16.58770   6.46920   0.70400   2.92380   8.79370  48.00930  13.57820
 Li         1.12820   0.75080   0.61750   0.46530   3.95460   1.05240  85.39050 168.26100   0.03770

 Neutron scattering factors:
   Symbol   isotope       mass       b       resonant terms
---------------------------------------------------------------------------------------------------
 Bi      Nat. Abund.    208.980    0.853
 Li      Nat. Abund.      6.941   -0.190

 Space Group: P 4/m m m
 The lattice is centrosymmetric primitive tetragonal
 The Laue symmetry is 4/mmm
 The lattice point group is 4/mmm
 Multiplicity of a general site is 16
 The inversion center is located at 0,0,0
 
 The equivalent positions are:

 ( 1)     X,     Y,     Z 
 ( 2)    -Y,     X,     Z 
 ( 3)    -X,    -Y,     Z 
 ( 4)     Y,    -X,     Z 
 ( 5)    -X,     Y,     Z 
 ( 6)    -Y,    -X,     Z 
 ( 7)     X,    -Y,     Z 
 ( 8)     Y,     X,     Z 

 Atoms:
   name    type  refine?   x         y         z      frac site sym  mult I/A   Uiso     U11     U22     U33     U12     U13     U23
---------------------------------------------------------------------------------------------------------------------------------------
    Bi1     Bi          0.00000   0.00000   0.00000   1.0004/mmm(z)    1    I 0.01000                                                
    Li1     Li          0.50000   0.50000   0.50000   1.0004/mmm(z)    1    I 0.01000                                                

 Unit cell: a = 3.36800 b = 3.36800 c = 4.25600 alpha = 90.000 beta = 90.000 gamma = 90.000 volume = 48.278 Refine? True

 Spherical harmonics texture: Order:0

 Phase name: Li2Te
=======================================================================================================================================

 X-ray scattering factors:
   Symbol     fa                                      fb                                      fc
---------------------------------------------------------------------------------------------------
 Te        19.96440  19.01380   6.14487   2.52390   4.81742   0.42089  28.52840  70.84030   4.35200
 Li+1       0.69680   0.78880   0.34140   0.15630   4.62370   1.95570   0.63160  10.09530   0.01670

 Neutron scattering factors:
   Symbol   isotope       mass       b       resonant terms
---------------------------------------------------------------------------------------------------
 Te      Nat. Abund.    127.600    0.568
 Li+1    Nat. Abund.      6.941   -0.190

 Space Group: F m -3 m
 The lattice is centrosymmetric F-centered cubic
 The Laue symmetry is m3m
 The lattice point group is m3m
 Multiplicity of a general site is 192
 The inversion center is located at 0,0,0
 
 The equivalent positions are:

 (0,0,0; 0,1/2,1/2; 1/2,0,1/2; 1/2,1/2,0)+

 ( 1)     X,     Y,     Z 
 ( 2)     Z,     X,     Y 
 ( 3)     Y,     Z,     X 
 ( 4)     X,     Y,    -Z 
 ( 5)    -Z,     X,     Y 
 ( 6)     Y,    -Z,     X 
 ( 7)    -Z,     X,    -Y 
 ( 8)    -Y,    -Z,     X 
 ( 9)     Y,    -Z,    -X 
 (10)    -X,     Y,    -Z 
 (11)    -Z,    -X,     Y 
 (12)     X,    -Y,    -Z 
 (13)     Y,     X,     Z 
 (14)     Z,     Y,     X 
 (15)     X,     Z,     Y 
 (16)     Y,     X,    -Z 
 (17)    -Z,     Y,     X 
 (18)     X,    -Z,     Y 
 (19)    -Z,     Y,    -X 
 (20)    -X,    -Z,     Y 
 (21)     X,    -Z,    -Y 
 (22)    -Y,     X,    -Z 
 (23)    -Z,    -Y,     X 
 (24)     Y,    -X,    -Z 

 Atoms:
   name    type  refine?   x         y         z      frac site sym  mult I/A   Uiso     U11     U22     U33     U12     U13     U23
---------------------------------------------------------------------------------------------------------------------------------------
    Te1     Te          0.00000   0.00000   0.00000   1.000    m3m    4    I 0.01000                                                
    Li1   Li+1          0.25000   0.25000   0.25000   1.000   -43m    8    I 0.01000                                                

 Unit cell: a = 6.51700 b = 6.51700 c = 6.51700 alpha = 90.000 beta = 90.000 gamma = 90.000 volume = 276.785 Refine? True

 Spherical harmonics texture: Order:0

 Phase: Bi in histogram: PWDR EBTL31.fxye Bank 1
=======================================================================================================================================
 Phase fraction  :          1 Refine? False
 Extinction coeff:     0.0000 Refine? False
 March-Dollase PO:     1.0000 Refine? False Axis: 0 0 1

 Size model    : isotropic equatorial:       1.000 Refine? False
	 LG mixing coeff.:       1.0000 Refine? False

 Mustrain model: isotropic equatorial:      1000.0 Refine? False
	 LG mixing coeff.:      1.0000 Refine? False

 Hydrostatic/elastic strain:
 names :         D11         D33
 values:           0           0
 refine:       False       False

 Phase: LiBi in histogram: PWDR EBTL31.fxye Bank 1
=======================================================================================================================================
 Phase fraction  :          1 Refine? False
 Extinction coeff:     0.0000 Refine? False
 March-Dollase PO:     1.0000 Refine? False Axis: 0 0 1

 Size model    : isotropic equatorial:       1.000 Refine? False
	 LG mixing coeff.:       1.0000 Refine? False

 Mustrain model: isotropic equatorial:      1000.0 Refine? False
	 LG mixing coeff.:      1.0000 Refine? False

 Hydrostatic/elastic strain:
 names :         D11         D33
 values:           0           0
 refine:       False       False

 Phase: Li2Te in histogram: PWDR EBTL31.fxye Bank 1
=======================================================================================================================================
 Phase fraction  :          1 Refine? False
 Extinction coeff:     0.0000 Refine? False
 March-Dollase PO:     1.0000 Refine? False Axis: 0 0 1

 Size model    : isotropic equatorial:       1.000 Refine? False
	 LG mixing coeff.:       1.0000 Refine? False

 Mustrain model: isotropic equatorial:      1000.0 Refine? False
	 LG mixing coeff.:      1.0000 Refine? False

 Hydrostatic/elastic strain:
 names :         D11          eA
 values:           0           0
 refine:       False       False

 Histogram: PWDR EBTL31.fxye Bank 1 histogram Id: 0
=======================================================================================================================================
 Instrument type: Bragg-Brentano
 Histogram limits:    16.50 deg to    79.99 deg

 Sample Parameters:
 Goniometer omega = 0.00, chi = 0.00, phi = 0.00
 name  :         Scale         Shift  Transparency    SurfRoughA    SurfRoughB
 value :        2.1485        0.0000        0.0000        0.0000        0.0000
 refine:          True         False         False         False         False

 Instrument Parameters:
 name  :     Azimuth        Bank I(L2)/I(L1)        Lam1        Lam2    Polariz.        SH/L           U
 value :    0.000000    1.000000    0.500000    1.540500    1.544300    0.700000    0.002000    2.000000
 refine:                   False       False                               False       False       False

 name  :           V           W           X           Y           Z        Zero
 value :   -2.000000    5.000000    0.000000    0.000000    0.000000    0.000000
 refine:       False       False       False       False       False       False

 Background function: chebyschev-1 Refine? False
 Coefficients:   2672.198 -3094.935  1635.941  -612.141  -117.372   416.522  -516.456   419.000  -195.979    -7.035   109.991
                 -124.692   133.510  -105.443    48.489    -6.462   -24.110    63.478   -87.715    74.275   -33.440
                   14.929
 Fixed background file: ; mult: 1.000  Refine? False

 Refinement results:
---------------------------------------------------------------------------------------------------------------------------------------
 Number of function calls: 3 No. of observations: 2418 No. of parameters: 6 User rejected: 0 Sp. gp. extinct: 0
 Refinement time =    0.238s,    0.238s/cycle, for 1 cycles
 wR =   23.33%, chi**2 =       347728, GOF =  12.01
----------------------------------------------------------------------------------------------------------------------------------
Parameters generated by constraints

 name  :          0::A0          1::A0          2::A0
 value :        0.06452        0.08817        0.02354
 sig   :        0.00001        0.00008        0.00001

 Phases:
 Result for phase: Bi
=======================================================================================================================================
 Reciprocal metric tensor: 
  names :            A11            A22            A33            A12            A13            A23
  values:    0.064516550    0.064516550    0.007107359    0.064516550    0.000000000    0.000000000
  esds  :    0.000013652                   0.000002437                                             
 New unit cell:
  names :           a           b           c       alpha        beta       gamma      Volume
  values:    4.546046    4.546046   11.861671     90.0000     90.0000    120.0000     212.297
  esds  :    0.000802    0.000802    0.002034                                           0.039

 Atoms:
   name      x         y         z      frac   Uiso     U11     U22     U33     U12     U13     U23
---------------------------------------------------------------------------------------------------------------------------------------
    Bi1     Bi:
 values:   0.00000   0.00000   0.23389   1.000 0.01411
 sig   :                                              

 Density: 9.8076 g/cm**3
 Result for phase: LiBi
=======================================================================================================================================
 Reciprocal metric tensor: 
  names :            A11            A22            A33            A12            A13            A23
  values:    0.088174013    0.088174013    0.055217857    0.000000000    0.000000000    0.000000000
  esds  :    0.000084080                   0.000074604                                             
 New unit cell:
  names :           a           b           c       alpha        beta       gamma      Volume
  values:    3.367671    3.367671    4.255594     90.0000     90.0000     90.0000      48.264
  esds  :    0.001606    0.001606    0.002875                                           0.040

 Atoms:
   name      x         y         z      frac   Uiso     U11     U22     U33     U12     U13     U23
---------------------------------------------------------------------------------------------------------------------------------------
    Bi1     Bi:
 values:   0.00000   0.00000   0.00000   1.000 0.01000
 sig   :                                              
    Li1     Li:
 values:   0.50000   0.50000   0.50000   1.000 0.01000
 sig   :                                              

 Density: 7.4289 g/cm**3
 Result for phase: Li2Te
=======================================================================================================================================
 Reciprocal metric tensor: 
  names :            A11            A22            A33            A12            A13            A23
  values:    0.023540871    0.023540871    0.023540871    0.000000000    0.000000000    0.000000000
  esds  :    0.000011406                                                                           
 New unit cell:
  names :           a           b           c       alpha        beta       gamma      Volume
  values:    6.517616    6.517616    6.517616     90.0000     90.0000     90.0000     276.864
  esds  :    0.001579    0.001579    0.001579                                           0.201

 Atoms:
   name      x         y         z      frac   Uiso     U11     U22     U33     U12     U13     U23
---------------------------------------------------------------------------------------------------------------------------------------
    Te1     Te:
 values:   0.00000   0.00000   0.00000   1.000 0.01000
 sig   :                                              
    Li1   Li+1:
 values:   0.25000   0.25000   0.25000   1.000 0.01000
 sig   :                                              

 Density: 3.3943 g/cm**3

 Phase: Bi in histogram: PWDR EBTL31.fxye Bank 1
=======================================================================================================================================
 Final refinement RF, RF^2 = 54.49%, 81.98% on 24 reflections
 Durbin-Watson statistic = 0.070
 Bragg intensity sum = 3.96e+05

 Phase: LiBi in histogram: PWDR EBTL31.fxye Bank 1
=======================================================================================================================================
 Final refinement RF, RF^2 = 60.21%, 86.67% on 17 reflections
 Durbin-Watson statistic = 0.070
 Bragg intensity sum = 7.4e+04

 Phase: Li2Te in histogram: PWDR EBTL31.fxye Bank 1
=======================================================================================================================================
 Final refinement RF, RF^2 = 62.27%, 89.10% on 11 reflections
 Durbin-Watson statistic = 0.070
 Bragg intensity sum = 1.2e+05

 Histogram: PWDR EBTL31.fxye Bank 1 histogram Id: 0
=======================================================================================================================================
 PWDR histogram weight factor = 1.000
 Final refinement wR = 23.33% on 2418 observations in this histogram
 Other residuals: R = 16.32%, R-bkg = 32.08%, wR-bkg = 23.33% wRmin = 1.95%
 Instrument type: Bragg-Brentano

 Resonant form factors:(ref: D.T. Cromer & D.A. Liberman (1981), Acta Cryst. A37, 267-268.)
 Element:       Bi       Li       Te     Li+1
 f'     :   -4.013    0.001   -0.180    0.001
 f"     :    8.926    0.000    6.351    0.000

 Sample Parameters:
 names :         Scale         Shift  Transparency    SurfRoughA    SurfRoughB
 values:        2.1486        0.0000        0.0000        0.0000        0.0000
 sig   :        0.0826                                                        
 Background sums: empirical 5.2e+06, Debye 0, peaks 0, Total 5.2e+06
